---
source: crates/sui-gql-client/src/queries/owner_df_contents.rs
expression: operation.query
---
query Query($address: SuiAddress!, $rootVersion: UInt53, $after: String, $first: Int) {
  owner(address: $address, rootVersion: $rootVersion) {
    dynamicFields(first: $first, after: $after) {
      nodes {
        name {
          type {
            repr
          }
          bcs
        }
        value {
          __typename
          ... on MoveObject {
            address
            version
            contents {
              type {
                repr
              }
              bcs
            }
          }
          ... on MoveValue {
            type {
              repr
            }
            bcs
          }
        }
      }
      pageInfo {
        hasNextPage
        endCursor
      }
    }
  }
}
